src/app/api/files/[...path]/route.ts(55,33): error TS2345: Argument of type 'Buffer<ArrayBufferLike>' is not assignable to parameter of type 'BodyInit | null | undefined'.
  Type 'Buffer<ArrayBufferLike>' is missing the following properties from type 'URLSearchParams': size, append, delete, get, and 2 more.
src/lib/utils/nomor-pendaftaran.ts(37,16): error TS2322: Type 'number' is not assignable to type 'string'.
src/lib/utils/nomor-pendaftaran.ts(38,27): error TS2353: Object literal may only specify known properties, and 'tahun' does not exist in type 'TahunAjaranSelect<DefaultArgs>'.
src/lib/utils/nomor-pendaftaran.ts(49,27): error TS2353: Object literal may only specify known properties, and 'tahun' does not exist in type 'TahunAjaranSelect<DefaultArgs>'.
src/lib/utils/nomor-pendaftaran.ts(62,33): error TS2339: Property 'tahun' does not exist on type '{ id: string; created_at: Date; updated_at: Date; tahun_mulai: number; tahun_selesai: number; nama: string; is_active: boolean; tanggal_buka_pendaftaran: Date; tanggal_tutup_pendaftaran: Date; biaya_pendaftaran: Decimal; link_tes_tertulis: string | null; deskripsi_tes_tertulis: string | null; }'.
src/lib/utils/nomor-pendaftaran.ts(399,7): error TS2322: Type 'number' is not assignable to type 'string | UuidFilter<"Pendaftar"> | undefined'.
src/lib/utils/nomor-pendaftaran.ts(444,25): error TS2353: Object literal may only specify known properties, and 'tahun' does not exist in type 'TahunAjaranSelect<DefaultArgs>'.
src/lib/utils/nomor-pendaftaran.ts(451,29): error TS2339: Property 'tahun' does not exist on type '{ id: string; created_at: Date; updated_at: Date; tahun_mulai: number; tahun_selesai: number; nama: string; is_active: boolean; tanggal_buka_pendaftaran: Date; tanggal_tutup_pendaftaran: Date; biaya_pendaftaran: Decimal; link_tes_tertulis: string | null; deskripsi_tes_tertulis: string | null; }'.
src/lib/utils/nomor-pendaftaran.ts(452,62): error TS2345: Argument of type 'string' is not assignable to parameter of type 'number'.
